

Would you like to terminate autoinstall? [yes]: 


         --- System Configuration Dialog ---

Would you like to enter the initial configuration dialog? [yes/no]: no
Switch>
Switch>
00:12:15: %LINK-5-CHANGED: Interface Vlan1, changed state to administratively down
Switch>
Switch>
Switch>
Switch>terminal length 0
Switch>terminal width 511
Switch>
Switch>enable
Switch#
Switch#
Switch#
Switch#terminal no monitor
Switch#
Switch#show version
Cisco IOS Software, C3750 Software (C3750-IPBASE-M), Version 12.2(25)SEE2, RELEASE SOFTWARE (fc1)
Copyright (c) 1986-2006 by Cisco Systems, Inc.
Compiled Fri 28-Jul-06 08:46 by yenanh
Image text-base: 0x00003000, data-base: 0x00EE3E54

ROM: Bootstrap program is C3750 boot loader
BOOTLDR: C3750 Boot Loader (C3750-HBOOT-M) Version 12.2(25r)SEE4, RELEASE SOFTWARE (fc1)

Switch uptime is 13 minutes
System returned to ROM by power-on
System image file is "flash:c3750-ipbase-mz.122-25.SEE2/c3750-ipbase-mz.122-25.SEE2.bin"

cisco WS-C3750G-48TS (PowerPC405) processor (revision C0) with 118784K/12280K bytes of memory.
Processor board ID FCZ1042W0AV
Last reset from power-on
1 Virtual Ethernet interface
52 Gigabit Ethernet interfaces
The password-recovery mechanism is enabled.

512K bytes of flash-simulated non-volatile configuration memory.

Base ethernet MAC Address       : 00:19:AA:7D:CD:80
Motherboard assembly number     : 73-10218-08
Power supply part number        : 341-0107-01
Motherboard serial number       : FOC10401DJU
Power supply serial number      : AZS10200206
Model revision number           : C0
Motherboard revision number     : B0
Model number                    : WS-C3750G-48TS-S
System serial number            : FCZ1042W0AV
Top Assembly Part Number        : 800-26857-01
Top Assembly Revision Number    : B0
Version ID                      : V03
CLEI Code Number                : CNMWU00ARC
Hardware Board Revision Number  : 0x09


Switch   Ports  Model              SW Version              SW Image            
------   -----  -----              ----------              ----------          
*    1   52     WS-C3750G-48TS     12.2(25)SEE2            C3750-IPBASE-M      


Configuration register is 0xF

Switch#
Switch#show inventory
NAME: "1", DESCR: "WS-C3750G-48TS"
PID: WS-C3750G-48TS-S  , VID: V03, SN: FCZ1042W0AV


Switch#
Switch#exit
